[www.snsmun.in/index.html]
[static.wixstatic.com/media/6342d5_4bf3e1866cd44308a33cf2a3294505bd_mv2.png/v1/fill/w_32,h_32,lg_1,usm_0.66_1.00_0.01/6342d5_4bf3e1866cd44308a33cf2a3294505bd_mv2.png]
[static.parastorage.com/unpkg/core-js-bundle@3.2.1/minified.js]
[static.parastorage.com/unpkg/focus-within-polyfill@5.0.9/dist/focus-within-polyfill.js]
[backblue.gif]
[fade.gif]
[index.html]
[polyfill.io/v3/polyfill.mind82c.js]
[browser.sentry-cdn.com/6.18.2/bundle.min.js]
[www.snsmun.in/decodeURIComponent(e.5.delayed]
[www.snsmun.in/sitemap.xml]
[www.snsmun.in/feed.7.delayed]
[static.parastorage.com/services/wix-thunderbolt/dist/bootstrap-features.0910ffe7.bundle.min.js]
[static.parastorage.com/services/wix-thunderbolt/dist/main.331117ac.bundle.min.js]
[static.parastorage.com/unpkg/lodash@4.17.21/lodash.min.js]
[static.parastorage.com/unpkg/react@16.13.1/umd/react.production.min.js]
[static.parastorage.com/services/wix-code-platform/1.1097.2/elementory-browser-support.min.js]
[static.parastorage.com/services/tag-manager-client/1.427.0/siteTags.bundle.min.js]
[static.parastorage.com/services/wix-perf-measure/1.806.0/wix-perf-measure.bundle.min.js]
[static.parastorage.com/unpkg/react-dom@16.13.1/umd/react-dom.production.min.js]
[static.parastorage.com/services/editor-elements/dist/media/sloppyframe.d6793e19.png]
[static.parastorage.com/services/editor-elements/dist/media/tiny_arrows.b8194fe3.png]
[www.snsmun.in/version/index.html]
[www.snsmun.in/b604fd33.min.12.delayed]
[www.snsmun.in/0c9e55e0.min.13.delayed]
[www.snsmun.in/f52e40aa.min.14.delayed]
[www.snsmun.in/1b1c2694.min.15.delayed]
[www.snsmun.in/74e60b57.min.16.delayed]
[www.snsmun.in/801b74ab.chunk.min.17.delayed]
[www.snsmun.in/rb_wixui.thunderbolt_bootstrap-classic.81c18245.chunk.min.18.delayed]
[www.snsmun.in/rb_wixui.thunderbolt_bootstrap-responsive.f3ca696f.chunk.min.19.delayed]
[www.snsmun.in/rb_wixui.thunderbolt_bootstrap-responsive.e2fe8f79.chunk.min.1a.delayed]
[www.snsmun.in/rb_wixui.thunderbolt_common-site-members-dialogs.7602a3f3.chunk.min.1b.delayed]
[www.snsmun.in/rb_wixui.thunderbolt_common-site-members-dialogs.e6154c1d.chunk.min.1c.delayed]
[www.snsmun.in/rb_wixui.thunderbolt_bootstrap.dc62ecd1.chunk.min.1d.delayed]
[www.snsmun.in/rb_wixui.thunderbolt_bootstrap.801b74ab.chunk.min.1e.delayed]
[static.wixstatic.com/media/8523fa_e5d75744b7104fe2a3d0cba166386d75_mv2.png/v1/fill/w_95,h_61,al_c,q_85,usm_0.66_1.00_0.01,enc_auto/Richa maam 1.png]
[www.snsmun.in/copy-of-resources.html]
[www.snsmun.in/message-from-secretary-general.html]
[www.snsmun.in/conference-mentors.html]
[www.snsmun.in/registration.html]
[www.snsmun.in/schedule.html]
[www.snsmun.in/committees-writeups.html]
[www.snsmun.in/background-guides.html]
[www.snsmun.in/resources.html]
[www.snsmun.in/rules-of-procedure.html]
[www.snsmun.in/code-of-conduct.html]
[www.snsmun.in/academic-honesty.html]
[www.snsmun.in/delegate-guide.html]
[www.snsmun.in/awards.html]
[static.wixstatic.com/media/6342d5_e34ed80a7ed443d68cadd0c82fc096d4_mv2.jpg/v1/fill/w_245,h_163,al_c,q_80,usm_0.66_1.00_0.01,blur_2,enc_auto/6342d5_e34ed80a7ed443d68cadd0c82fc096d4_mv2.jpg]
[www.snsmun.in/gallery-2016.html]
[www.snsmun.in/gallery-2017.html]
[www.snsmun.in/gallery-2018.html]
[www.snsmun.in/index.html]
[www.snsmun.in/decodeURIComponent(e.html]
[www.snsmun.in/feed.html]
[www.snsmun.in/version/index.html]
[www.snsmun.in/b604fd33.min.html]
[www.snsmun.in/0c9e55e0.min.html]
[www.snsmun.in/f52e40aa.min.html]
[www.snsmun.in/1b1c2694.min.html]
[www.snsmun.in/74e60b57.min.html]
[www.snsmun.in/801b74ab.chunk.min.html]
[www.snsmun.in/rb_wixui.thunderbolt_bootstrap-classic.81c18245.chunk.min.html]
[www.snsmun.in/rb_wixui.thunderbolt_bootstrap-responsive.f3ca696f.chunk.min.html]
[www.snsmun.in/rb_wixui.thunderbolt_bootstrap-responsive.e2fe8f79.chunk.min.html]
[www.snsmun.in/rb_wixui.thunderbolt_common-site-members-dialogs.7602a3f3.chunk.min.html]
[www.snsmun.in/rb_wixui.thunderbolt_common-site-members-dialogs.e6154c1d.chunk.min.html]
[www.snsmun.in/rb_wixui.thunderbolt_bootstrap.dc62ecd1.chunk.min.html]
[www.snsmun.in/rb_wixui.thunderbolt_bootstrap.801b74ab.chunk.min.html]
[www.snsmun.in/gallery-2019.html]
[static.parastorage.com/services/wix-thunderbolt/dist/bootstrap-features.033515f1.bundle.min.js]
[static.parastorage.com/services/wix-thunderbolt/dist/main.0b150a53.bundle.min.js]
[www.snsmun.in/1ff239ab.chunk.min.35.delayed]
[www.snsmun.in/rb_wixui.thunderbolt_bootstrap-classic.406d4af8.chunk.min.36.delayed]
[www.snsmun.in/rb_wixui.thunderbolt_bootstrap-responsive.0d8f7345.chunk.min.37.delayed]
[www.snsmun.in/rb_wixui.thunderbolt_bootstrap.de7925c1.chunk.min.38.delayed]
[www.snsmun.in/rb_wixui.thunderbolt_bootstrap.1ff239ab.chunk.min.39.delayed]
[www.snsmun.in/copy-of-resources.html]
[static.wixstatic.com/media/6342d5_c1deff4cff594e078f8a8822a30b4c23_mv2.jpg/v1/fill/w_480,h_298,al_c,q_80,usm_0.66_1.00_0.01,blur_2,enc_auto/6342d5_c1deff4cff594e078f8a8822a30b4c23_mv2.jpg]
[static.wixstatic.com/media/6342d5_7cd46bea41c44b3482b041f048e4ebd4_mv2.png/v1/fill/w_774,h_902,al_c,q_90,enc_auto/image-removebg_edited_edited_edited.png]
[static.wixstatic.com/media/6342d5_d1f68c77fc2e4347bd4b7ee18e9197cd_mv2.png/v1/fill/w_50,h_43,al_c,q_85,usm_0.66_1.00_0.01,enc_auto/image_2022-06-07_104418567.png]
[www.snsmun.in/message-from-secretary-general.html]
[browser.sentry-cdn.com/6.19.1/bundle.tracing.min.js]
[www.snsmun.in/7d0d5475.min.3e.delayed]
[static.wixstatic.com/media/6342d5_0f1f9523cdbe43bf8b31d5593bfb801a_mv2.png/v1/fill/w_130,h_130,al_c,q_85,usm_0.66_1.00_0.01,enc_auto/image_2022-06-13_185948485.png]
[www.snsmun.in/conference-mentors.html]
[www.snsmun.in/registration.html]
[www.snsmun.in/ce776e38.min.40.delayed]
[static.wixstatic.com/media/8523fa_e5d75744b7104fe2a3d0cba166386d75_mv2.png/v1/fill/w_216,h_138,al_c,q_85,blur_2,enc_auto/8523fa_e5d75744b7104fe2a3d0cba166386d75_mv2.png]
[www.snsmun.in/schedule.html]
[static.parastorage.com/services/wix-thunderbolt/dist/bootstrap-features.2f4ba229.bundle.min.js]
[static.parastorage.com/services/wix-thunderbolt/dist/main.98d10c38.bundle.min.js]
[www.snsmun.in/cc2f24e9.chunk.min.44.delayed]
[www.snsmun.in/rb_wixui.thunderbolt_bootstrap-classic.82bf90f9.chunk.min.45.delayed]
[www.snsmun.in/rb_wixui.thunderbolt_bootstrap-responsive.f5d4f5c8.chunk.min.46.delayed]
[www.snsmun.in/rb_wixui.thunderbolt_bootstrap.cc2f24e9.chunk.min.47.delayed]
[www.snsmun.in/unhcr.html]
[www.snsmun.in/unicef.html]
[www.snsmun.in/ga2.html]
[www.snsmun.in/who.html]
[www.snsmun.in/ufccc.html]
[www.snsmun.in/committees-writeups.html]
[www.snsmun.in/resources.html]
[www.snsmun.in/csw.html]
[www.snsmun.in/b8760986.min.4e.delayed]
[static.wixstatic.com/media/8523fa_bb20bba04d4242d6a377509f948d0c36_mv2.jpg/v1/fill/w_158,h_105,al_c,q_80,usm_0.66_1.00_0.01,blur_2,enc_auto/8523fa_bb20bba04d4242d6a377509f948d0c36_mv2.jpg]
[www.snsmun.in/_files/ugd/SNS%202022UNHCR%20background%20guidew%20logo.pdf_; filename_=UTF-8''SNS%202022UNHCR%20background%20guidew%20logo.pdf]
[static.wixstatic.com/media/8523fa_0fcdc98ba89e4bc799f952816c3f3674_mv2.jpg/v1/fill/w_158,h_105,al_c,q_80,usm_0.66_1.00_0.01,blur_2,enc_auto/8523fa_0fcdc98ba89e4bc799f952816c3f3674_mv2.jpg]
[www.snsmun.in/_files/ugd/SNS%202022GA2%20background%20guide%20w%20logo.pdf_; filename_=UTF-8''SNS%202022GA2%20background%20guide%20w%20logo.pdf]
[static.wixstatic.com/media/8523fa_bdd390cabe99405c8b28428a8e96e122_mv2.jpg/v1/fill/w_158,h_105,al_c,q_80,usm_0.66_1.00_0.01,blur_2,enc_auto/8523fa_bdd390cabe99405c8b28428a8e96e122_mv2.jpg]
[www.snsmun.in/_files/ugd/SNS%202022UNICEF%20background%20guide%20w%20logo.pdf_; filename_=UTF-8''SNS%202022UNICEF%20background%20guide%20w%20logo.pdf]
[static.wixstatic.com/media/6342d5_b09e5442726141ea980c483c5f4fdc69_mv2.png/v1/fill/w_192,h_101,al_c,q_85,usm_0.66_1.00_0.01,blur_2,enc_auto/6342d5_b09e5442726141ea980c483c5f4fdc69_mv2.png]
[www.snsmun.in/_files/ugd/SNS%202022--WHO%20background%20guide%20w%20logo.pdf_; filename_=UTF-8''SNS%202022--WHO%20background%20guide%20w%20logo.pdf]
[static.wixstatic.com/media/8523fa_7621b70986624f08b44dca63fbac5c98_mv2.jpg/v1/fill/w_158,h_105,al_c,q_80,usm_0.66_1.00_0.01,blur_2,enc_auto/8523fa_7621b70986624f08b44dca63fbac5c98_mv2.jpg]
[www.snsmun.in/_files/ugd/SNS%202022COP%20background%20guide.pdf_; filename_=UTF-8''SNS%202022COP%20background%20guide.pdf]
[static.wixstatic.com/media/6342d5_ad7aec58f94d4d44841e8d522d9a09b3_mv2.png/v1/fill/w_158,h_105,al_c,q_85,usm_0.66_1.00_0.01,blur_2,enc_auto/6342d5_ad7aec58f94d4d44841e8d522d9a09b3_mv2.png]
[www.snsmun.in/_files/ugd/SNS%202022--CSW%20background%20guide%20w%20logo.pdf_; filename_=UTF-8''SNS%202022--CSW%20background%20guide%20w%20logo.pdf]
[www.snsmun.in/background-guides.html]
[www.snsmun.in/_files/ugd/84de81_b721227c5a444d8a855bba35b447cdc3.pdf_; filename_=UTF-8''84de81_b721227c5a444d8a855bba35b447cdc3.pdf]
[www.snsmun.in/rules-of-procedure.html]
[www.snsmun.in/_files/ugd/Code%20of%20Conduct.pdf_; filename_=UTF-8''Code%20of%20Conduct.pdf]
[www.snsmun.in/code-of-conduct.html]
[www.snsmun.in/academic-honesty.html]
[www.snsmun.in/delegate-manual.html]
[www.snsmun.in/recommended-readings.html]
[www.snsmun.in/position-paper-guide.html]
[www.snsmun.in/delegate-guide.html]
[www.snsmun.in/awards.html]
[www.snsmun.in/glossary-of-terms.html]
[www.snsmun.in/e98ddd9c.min.61.delayed]
[www.snsmun.in/rb_wixui.thunderbolt_common-site-members-dialogs.d27c43c1.chunk.min.62.delayed]
[www.snsmun.in/gallery-2016.html]
[www.snsmun.in/gallery-2017.html]
[www.snsmun.in/gallery-2018.html]
[www.snsmun.in/gallery-2019.html]
[www.snsmun.in/1ff239ab.chunk.min.html]
[www.snsmun.in/rb_wixui.thunderbolt_bootstrap-classic.406d4af8.chunk.min.html]
[www.snsmun.in/rb_wixui.thunderbolt_bootstrap-responsive.0d8f7345.chunk.min.html]
[www.snsmun.in/rb_wixui.thunderbolt_bootstrap.de7925c1.chunk.min.html]
[www.snsmun.in/rb_wixui.thunderbolt_bootstrap.1ff239ab.chunk.min.html]
[www.snsmun.in/7d0d5475.min.html]
[www.snsmun.in/ce776e38.min.html]
[www.snsmun.in/cc2f24e9.chunk.min.html]
[www.snsmun.in/rb_wixui.thunderbolt_bootstrap-classic.82bf90f9.chunk.min.html]
[www.snsmun.in/rb_wixui.thunderbolt_bootstrap-responsive.f5d4f5c8.chunk.min.html]
[www.snsmun.in/rb_wixui.thunderbolt_bootstrap.cc2f24e9.chunk.min.html]
[static.wixstatic.com/media/6342d5_1e939944a9084032b7fdb78ba5d81429_mv2.png/v1/fill/w_245,h_138,al_c,q_85,usm_0.66_1.00_0.01,blur_2,enc_auto/6342d5_1e939944a9084032b7fdb78ba5d81429_mv2.png]
[www.snsmun.in/unhcr.html]
[static.wixstatic.com/media/11062b_908e07c6ff2747188f49e6a5968cc391_mv2.jpg/v1/fill/w_245,h_200,al_c,q_80,usm_0.66_1.00_0.01,blur_2,enc_auto/11062b_908e07c6ff2747188f49e6a5968cc391_mv2.jpg]
[www.snsmun.in/unicef.html]
[static.wixstatic.com/media/11062b_fbe7d3486d534d0590631479a4d47503_mv2.jpg/v1/fill/w_245,h_138,al_c,q_80,usm_0.66_1.00_0.01,blur_2,enc_auto/11062b_fbe7d3486d534d0590631479a4d47503_mv2.jpg]
[www.snsmun.in/ga2.html]
[static.wixstatic.com/media/11062b_88453371115d42b0926f12f43cbf9447_mv2.jpg/v1/fill/w_245,h_163,al_c,q_80,usm_0.66_1.00_0.01,blur_2,enc_auto/11062b_88453371115d42b0926f12f43cbf9447_mv2.jpg]
[www.snsmun.in/who.html]
[static.wixstatic.com/media/11062b_1ed905d58385467799ca594cd1077d2f_mv2.jpg/v1/fill/w_245,h_163,al_c,q_80,usm_0.66_1.00_0.01,blur_2,enc_auto/11062b_1ed905d58385467799ca594cd1077d2f_mv2.jpg]
[www.snsmun.in/ufccc.html]
[static.wixstatic.com/media/6342d5_c952042f53ce4d6fa65dcd641d04ea3f_mv2.jpg/v1/fill/w_245,h_158,al_c,q_80,usm_0.66_1.00_0.01,blur_2,enc_auto/6342d5_c952042f53ce4d6fa65dcd641d04ea3f_mv2.jpg]
[www.snsmun.in/csw.html]
[www.snsmun.in/b8760986.min.html]
[www.snsmun.in/recommended-readings.html]
[www.snsmun.in/0f7f9461.chunk.min.69.delayed]
[www.snsmun.in/rb_wixui.thunderbolt_bootstrap-classic.3cbb3af5.chunk.min.6a.delayed]
[www.snsmun.in/rb_wixui.thunderbolt_bootstrap-responsive.444f1da4.chunk.min.6b.delayed]
[www.snsmun.in/rb_wixui.thunderbolt_bootstrap.0f7f9461.chunk.min.6c.delayed]
[www.snsmun.in/_files/ugd/Position%20Paper%20Guides.pdf_; filename_=UTF-8''Position%20Paper%20Guides.pdf]
[www.snsmun.in/delegate-manual.html]
[www.snsmun.in/4e5c3325.chunk.min.6e.delayed]
[www.snsmun.in/rb_wixui.thunderbolt_bootstrap-classic.72cfcf01.chunk.min.6f.delayed]
[www.snsmun.in/rb_wixui.thunderbolt_bootstrap-responsive.9a7d1101.chunk.min.70.delayed]
[www.snsmun.in/rb_wixui.thunderbolt_bootstrap.4e5c3325.chunk.min.71.delayed]
[www.snsmun.in/position-paper-guide.html]
[www.snsmun.in/_files/ugd/Model%20United%20Nations-Glossary%20of%20Terms.pdf_; filename_=UTF-8''Model%20United%20Nations-Glossary%20of%20Terms.pdf]
[www.snsmun.in/glossary-of-terms.html]
[www.snsmun.in/e98ddd9c.min.html]
[www.snsmun.in/rb_wixui.thunderbolt_common-site-members-dialogs.d27c43c1.chunk.min.html]
[www.snsmun.in/0f7f9461.chunk.min.html]
[www.snsmun.in/rb_wixui.thunderbolt_bootstrap-classic.3cbb3af5.chunk.min.html]
[www.snsmun.in/rb_wixui.thunderbolt_bootstrap-responsive.444f1da4.chunk.min.html]
[www.snsmun.in/rb_wixui.thunderbolt_bootstrap.0f7f9461.chunk.min.html]
[www.snsmun.in/4e5c3325.chunk.min.html]
[www.snsmun.in/rb_wixui.thunderbolt_bootstrap-classic.72cfcf01.chunk.min.html]
[www.snsmun.in/rb_wixui.thunderbolt_bootstrap-responsive.9a7d1101.chunk.min.html]
[www.snsmun.in/rb_wixui.thunderbolt_bootstrap.4e5c3325.chunk.min.html]
